Calculating task graph as configuration cache cannot be reused because file 'app/build.gradle' has changed.

> Configure project :app
WARNING: The option setting 'android.builtInKotlin=false' is deprecated.
The current default is 'true'.
It will be removed in version 10.0 of the Android Gradle plugin.
WARNING: The option setting 'android.newDsl=false' is deprecated.
The current default is 'true'.
It will be removed in version 10.0 of the Android Gradle plugin.
WARNING: The option setting 'android.nonFinalResIds=false' is deprecated.
The current default is 'true'.
It will be removed in version 10.0 of the Android Gradle plugin.
WARNING: The option setting 'android.enableJetifier=true' is deprecated.
The current default is 'false'.
It will be removed in version 10.0 of the Android Gradle plugin.
WARNING: API 'applicationVariants' is obsolete and has been replaced with 'AndroidComponentsExtension'.
It will be removed in version 10.0 of the Android Gradle plugin.
The legacy variant API is disabled by default in AGP 9.0, but can be re-enabled by adding
    android.newDsl=false
to this project's gradle.properties file.
For more information, see http://developer.android.com/build/r/new-dsl.

To determine what is calling applicationVariants, use -Pandroid.debug.obsoleteApi=true on the command line to display more information.
WARNING: API 'testVariants' is obsolete and has been replaced with 'AndroidComponentsExtension'.
It will be removed in version 10.0 of the Android Gradle plugin.
The legacy variant API is disabled by default in AGP 9.0, but can be re-enabled by adding
    android.newDsl=false
to this project's gradle.properties file.
For more information, see http://developer.android.com/build/r/new-dsl.

To determine what is calling testVariants, use -Pandroid.debug.obsoleteApi=true on the command line to display more information.
WARNING: API 'unitTestVariants' is obsolete and has been replaced with 'AndroidComponentsExtension'.
It will be removed in version 10.0 of the Android Gradle plugin.
The legacy variant API is disabled by default in AGP 9.0, but can be re-enabled by adding
    android.newDsl=false
to this project's gradle.properties file.
For more information, see http://developer.android.com/build/r/new-dsl.

To determine what is calling unitTestVariants, use -Pandroid.debug.obsoleteApi=true on the command line to display more information.
WARNING: The multidex library is included as a dependency, but it is not needed for apps
with minSdk >= 21. Please remove dependency 'androidx.multidex:multidex:2.0.1' from ':app'.
See https://developer.android.com/build/multidex for more information.
w: ⚠️ Deprecated 'org.jetbrains.kotlin.android' plugin usage
The 'org.jetbrains.kotlin.android' plugin in project ':app' is no longer required for Kotlin support since AGP 9.0.
Solution: Remove both `android.builtInKotlin=true` and `android.newDsl=false` from `gradle.properties`, then migrate to built-in Kotlin.
See https://kotl.in/gradle/agp-built-in-kotlin for more details.


> Task :ffmpeg:ensureFfmpegKit UP-TO-DATE
> Task :app:checkKotlinGradlePluginConfigurationErrors SKIPPED
> Task :app:generateReleaseAssets UP-TO-DATE
> Task :app:preBuild UP-TO-DATE
> Task :app:preReleaseBuild UP-TO-DATE
> Task :app:buildKotlinToolingMetadata UP-TO-DATE
> Task :app:generateReleaseResValues UP-TO-DATE
> Task :app:mergeReleaseJniLibFolders UP-TO-DATE
> Task :extractor:extractor:processResources NO-SOURCE
> Task :extractor:extractor:generateMainProtos UP-TO-DATE
> Task :extractor:timeago-parser:processResources NO-SOURCE
> Task :extractor:timeago-parser:compileJava UP-TO-DATE
> Task :app:javaPreCompileRelease UP-TO-DATE
> Task :app:extractProguardFiles UP-TO-DATE
> Task :app:extractDeepLinksRelease UP-TO-DATE
> Task :app:mergeReleaseStartupProfile UP-TO-DATE
> Task :app:checkReleaseDuplicateClasses UP-TO-DATE
> Task :app:extractReleaseVersionControlInfo SKIPPED
> Task :app:createReleaseCompatibleScreenManifests
> Task :extractor:extractor:compileJava UP-TO-DATE
> Task :extractor:extractor:classes UP-TO-DATE
> Task :app:validateSigningRelease UP-TO-DATE
> Task :app:generateReleaseResources UP-TO-DATE
> Task :app:writeReleaseAppMetadata UP-TO-DATE
> Task :app:mapReleaseSourceSetPaths UP-TO-DATE
> Task :extractor:timeago-parser:classes UP-TO-DATE
> Task :extractor:extractor:jar UP-TO-DATE
> Task :app:mergeReleaseAssets UP-TO-DATE
> Task :extractor:timeago-parser:jar UP-TO-DATE
> Task :app:generateReleaseBuildConfig
> Task :app:writeReleaseSigningConfigVersions UP-TO-DATE
> Task :app:checkReleaseAarMetadata UP-TO-DATE
> Task :app:packageReleaseResources UP-TO-DATE
> Task :app:compressReleaseAssets UP-TO-DATE
> Task :app:processReleaseNavigationResources UP-TO-DATE
> Task :app:parseReleaseLocalResources UP-TO-DATE
> Task :app:compileReleaseNavigationResources UP-TO-DATE
> Task :app:dataBindingMergeDependencyArtifactsRelease UP-TO-DATE
> Task :app:mergeReleaseResources UP-TO-DATE
> Task :app:generateReleaseRFile UP-TO-DATE
> Task :app:mergeReleaseNativeLibs UP-TO-DATE
> Task :app:dataBindingGenBaseClassesRelease UP-TO-DATE
> Task :app:stripReleaseDebugSymbols UP-TO-DATE
> Task :app:extractReleaseNativeSymbolTables UP-TO-DATE
> Task :app:mergeReleaseNativeDebugMetadata NO-SOURCE
> Task :app:mergeReleaseArtProfile UP-TO-DATE
> Task :app:expandReleaseL8ArtProfileWildcards UP-TO-DATE

> Task :app:processReleaseMainManifest
/Users/vidyasagar/ProjectSpace/debyt/PipePipe/.zcode/hush-publish/app/src/main/AndroidManifest.xml Warning:
	provider#org.acra.attachment.AcraContentProvider@android:authorities was tagged at AndroidManifest.xml:0 to replace other declarations but no other declaration present

> Task :app:processReleaseManifest
> Task :app:processReleaseManifestForPackage
> Task :app:kaptGenerateStubsReleaseKotlin

> Task :app:kaptReleaseKotlin
warning: The following options were not recognized by any processor: '[room.schemaLocation, kapt.kotlin.generated]'

> Task :app:compileReleaseKotlin

> Task :app:compileReleaseJavaWithJavac
Note: Some input files use or override a deprecated API.
Note: Recompile with -Xlint:deprecation for details.
Note: Some input files use unchecked or unsafe operations.
Note: Recompile with -Xlint:unchecked for details.

> Task :app:processReleaseJavaRes UP-TO-DATE
> Task :app:mergeReleaseJavaResource UP-TO-DATE
> Task :app:processReleaseResources
> Task :app:mergeReleaseGeneratedProguardFiles UP-TO-DATE
> Task :app:expandReleaseArtProfileWildcards
> Task :app:produceReleaseComposeMapping
> Task :app:reportReleaseComposeMappingErrors
> Task :app:optimizeReleaseResources
> Task :app:minifyReleaseWithR8
> Task :app:mergeReleaseComposeMapping
> Task :app:l8DexDesugarLibRelease
> Task :app:compileReleaseArtProfile
> Task :app:packageRelease
> Task :app:assembleRelease
> Task :app:createReleaseApkListingFileRedirect

[Incubating] Problems report is available at: file:///Users/vidyasagar/ProjectSpace/debyt/PipePipe/.zcode/hush-publish/build/reports/problems/problems-report.html

Deprecated Gradle features were used in this build, making it incompatible with Gradle 10.

You can use '--warning-mode all' to show the individual deprecation warnings and determine if they come from your own scripts or plugins.

For more on this, please refer to https://docs.gradle.org/9.5.1/userguide/command_line_interface.html#sec:command_line_warnings in the Gradle documentation.

BUILD SUCCESSFUL in 52s
58 actionable tasks: 20 executed, 38 up-to-date
Configuration cache entry stored.
